test_builds_direct_i2i_request_with_provider_specific_model_and_size (test_alibaba_client.AlibabaImageClientTests.test_builds_direct_i2i_request_with_provider_specific_model_and_size) ... ok
test_honors_partner_prompt_expansion_watermark_and_negative_prompt (test_alibaba_client.AlibabaImageClientTests.test_honors_partner_prompt_expansion_watermark_and_negative_prompt) ... ok
test_legacy_builder_keeps_permissive_defaults_and_ignored_fields (test_alibaba_client.AlibabaImageClientTests.test_legacy_builder_keeps_permissive_defaults_and_ignored_fields) ... ok
test_normalizes_expiring_result_urls_to_image_bytes_immediately (test_alibaba_client.AlibabaImageClientTests.test_normalizes_expiring_result_urls_to_image_bytes_immediately) ... ok
test_preserves_a_reference_aspect_ratio_with_an_explicit_output_size (test_alibaba_client.AlibabaImageClientTests.test_preserves_a_reference_aspect_ratio_with_an_explicit_output_size) ... ok
test_rejects_an_explicit_size_outside_the_documented_pixel_range (test_alibaba_client.AlibabaImageClientTests.test_rejects_an_explicit_size_outside_the_documented_pixel_range) ... ok
test_validates_count_and_seed_before_alibaba_submission (test_alibaba_client.AlibabaImageClientTests.test_validates_count_and_seed_before_alibaba_submission) ... ok
test_an_explicit_timeout_wins (test_alibaba_client.AlibabaTimeout.test_an_explicit_timeout_wins) ... ok
test_the_default_is_no_longer_a_literal (test_alibaba_client.AlibabaTimeout.test_the_default_is_no_longer_a_literal) ... ok
test_the_override_reaches_the_request (test_alibaba_client.AlibabaTimeout.test_the_override_reaches_the_request) ... ok
test_defines_exact_archived_refs_and_six_equivalent_jobs (test_benchmark_comfyui_routing.ComfyUIRoutingBenchmarkTests.test_defines_exact_archived_refs_and_six_equivalent_jobs) ... ok
test_records_complete_comparable_runs_without_retries (test_benchmark_comfyui_routing.ComfyUIRoutingBenchmarkTests.test_records_complete_comparable_runs_without_retries) ... ok
test_verifies_exact_archived_refs (test_benchmark_comfyui_routing.ComfyUIRoutingBenchmarkTests.test_verifies_exact_archived_refs) ... ok
test_candidate_mismatch_fails_closed (test_blind_review_packet.BlindReviewPacketTests.test_candidate_mismatch_fails_closed) ... ok
test_current_issue_125_packet_is_hash_locked (test_blind_review_packet.BlindReviewPacketTests.test_current_issue_125_packet_is_hash_locked) ... ok
test_issue_126_packet_declares_each_evidence_manifest (test_blind_review_packet.BlindReviewPacketTests.test_issue_126_packet_declares_each_evidence_manifest) ... ok
test_issue_127_clean_state_records_the_godot_process (test_blind_review_packet.BlindReviewPacketTests.test_issue_127_clean_state_records_the_godot_process) ... ok
test_issue_127_packet_bootstraps_a_complete_godot_import (test_blind_review_packet.BlindReviewPacketTests.test_issue_127_packet_bootstraps_a_complete_godot_import) ... ok
test_play_log_commit_must_match_trusted_packet_candidate (test_blind_review_packet.BlindReviewPacketTests.test_play_log_commit_must_match_trusted_packet_candidate) ... ok
test_writes_an_exact_component_extraction_workflow (test_cli.ComponentWorkflowTests.test_writes_an_exact_component_extraction_workflow) ... ok
test_records_existing_comfy_outputs_with_provider_provenance (test_cli.RecordComfyRunTests.test_records_existing_comfy_outputs_with_provider_provenance) ... ok
test_legacy_node_still_uses_only_the_first_four_batch_images (test_comfyui_node.QwenImage3RenderTests.test_legacy_node_still_uses_only_the_first_four_batch_images) ... ok
test_node_accepts_an_edit_brief_but_never_an_api_key_widget (test_comfyui_node.QwenImage3RenderTests.test_node_accepts_an_edit_brief_but_never_an_api_key_widget) ... ok
test_partner_edit_node_exposes_three_ordered_reference_sockets (test_comfyui_node.QwenImage3RenderTests.test_partner_edit_node_exposes_three_ordered_reference_sockets) ... ok
test_partner_edit_rejects_a_batch_on_one_visible_role (test_comfyui_node.QwenImage3RenderTests.test_partner_edit_rejects_a_batch_on_one_visible_role) ... ok
test_partner_edit_rejects_a_gap_between_visible_roles (test_comfyui_node.QwenImage3RenderTests.test_partner_edit_rejects_a_gap_between_visible_roles) ... ok
test_partner_node_rejects_an_unsupported_control_before_loading_a_key (test_comfyui_node.QwenImage3RenderTests.test_partner_node_rejects_an_unsupported_control_before_loading_a_key) ... ok
test_partner_run_metadata_records_hashes_counts_and_provider_identity (test_comfyui_node.QwenImage3RenderTests.test_partner_run_metadata_records_hashes_counts_and_provider_identity) ... ok
test_partner_text_node_exposes_normal_controls_without_credentials (test_comfyui_node.QwenImage3RenderTests.test_partner_text_node_exposes_normal_controls_without_credentials) ... ok
test_region_composite_exposes_only_images_and_explicit_coordinates (test_comfyui_node.QwenImage3RenderTests.test_region_composite_exposes_only_images_and_explicit_coordinates) ... ok
test_builds_deterministic_region_assembly_graph (test_comfyui_workflow.ComfyUiWorkflowTests.test_builds_deterministic_region_assembly_graph) ... ok
test_builds_reference_edit_graph_with_save_node (test_comfyui_workflow.ComfyUiWorkflowTests.test_builds_reference_edit_graph_with_save_node) ... ok
test_builds_text_partner_graph_with_visible_preview_and_save (test_comfyui_workflow.ComfyUiWorkflowTests.test_builds_text_partner_graph_with_visible_preview_and_save) ... ok
test_builds_three_reference_partner_graph_with_visible_preview_and_save (test_comfyui_workflow.ComfyUiWorkflowTests.test_builds_three_reference_partner_graph_with_visible_preview_and_save) ... ok
test_extracts_reference_components_without_regenerating_their_pixels (test_comfyui_workflow.ComfyUiWorkflowTests.test_extracts_reference_components_without_regenerating_their_pixels) ... ok
test_partner_workflow_requires_exactly_three_portable_references (test_comfyui_workflow.ComfyUiWorkflowTests.test_partner_workflow_requires_exactly_three_portable_references) ... ok
test_rejects_invalid_component_rectangles (test_comfyui_workflow.ComfyUiWorkflowTests.test_rejects_invalid_component_rectangles) ... ok
test_saved_canvas_exposes_three_named_load_preview_lanes (test_comfyui_workflow.ComfyUiWorkflowTests.test_saved_canvas_exposes_three_named_load_preview_lanes) ... ok
test_saved_canvases_survive_a_json_reopen_round_trip (test_comfyui_workflow.ComfyUiWorkflowTests.test_saved_canvases_survive_a_json_reopen_round_trip) ... ok
test_actual_difference_is_inside_predeclared_edit_regions (test_custom_filters_ro_assembly.CustomFiltersRoAssemblyTests.test_actual_difference_is_inside_predeclared_edit_regions) ... ok
test_body_font_provenance_is_pinned (test_custom_filters_ro_assembly.CustomFiltersRoAssemblyTests.test_body_font_provenance_is_pinned) ... ok
test_exact_copy_and_sort_order_are_frozen (test_custom_filters_ro_assembly.CustomFiltersRoAssemblyTests.test_exact_copy_and_sort_order_are_frozen) ... ok
test_native_and_open_state_dimensions_are_stable (test_custom_filters_ro_assembly.CustomFiltersRoAssemblyTests.test_native_and_open_state_dimensions_are_stable) ... ok
test_outer_frame_and_shadow_are_source_pixels (test_custom_filters_ro_assembly.CustomFiltersRoAssemblyTests.test_outer_frame_and_shadow_are_source_pixels) ... ok
test_password_field_is_removed_and_open_menu_is_not_clipped (test_custom_filters_ro_assembly.CustomFiltersRoAssemblyTests.test_password_field_is_removed_and_open_menu_is_not_clipped) ... ok
test_source_dropdown_and_radio_chrome_are_reused (test_custom_filters_ro_assembly.CustomFiltersRoAssemblyTests.test_source_dropdown_and_radio_chrome_are_reused) ... ok
test_rejects_a_non_object_corpus_root (test_fidelity.CorrectionCorpusTests.test_rejects_a_non_object_corpus_root) ... ok
test_rejects_a_prompt_missing_its_promotion_rule (test_fidelity.CorrectionCorpusTests.test_rejects_a_prompt_missing_its_promotion_rule) ... ok
test_rejects_a_prompt_missing_required_evidence (test_fidelity.CorrectionCorpusTests.test_rejects_a_prompt_missing_required_evidence) ... ok
test_rejects_non_string_correction_list_items (test_fidelity.CorrectionCorpusTests.test_rejects_non_string_correction_list_items) ... ok
test_repository_corpus_is_valid_and_complete (test_fidelity.CorrectionCorpusTests.test_repository_corpus_is_valid_and_complete) ... ok
test_universal_prompts_apply_to_every_target (test_fidelity.CorrectionCorpusTests.test_universal_prompts_apply_to_every_target) ... ok
test_loads_a_contract_from_disk (test_fidelity.FidelityContractTests.test_loads_a_contract_from_disk) ... ok
test_parses_a_valid_contract (test_fidelity.FidelityContractTests.test_parses_a_valid_contract) ... ok
test_rejects_a_region_extending_past_the_canvas (test_fidelity.FidelityContractTests.test_rejects_a_region_extending_past_the_canvas) ... ok
test_rejects_overlapping_regions_because_change_is_unattributable (test_fidelity.FidelityContractTests.test_rejects_overlapping_regions_because_change_is_unattributable) ... ok
test_rejects_zero_area_and_missing_regions (test_fidelity.FidelityContractTests.test_rejects_zero_area_and_missing_regions) ... ok
test_accepts_a_small_legitimate_palette_change (test_fidelity.PaletteComparisonTests.test_accepts_a_small_legitimate_palette_change) ... ok
test_an_unchanged_candidate_reports_no_growth (test_fidelity.PaletteComparisonTests.test_an_unchanged_candidate_reports_no_growth) ... ok
test_fails_closed_on_a_size_mismatch (test_fidelity.PaletteComparisonTests.test_fails_closed_on_a_size_mismatch) ... ok
test_fails_closed_on_incomplete_pixel_evidence (test_fidelity.PaletteComparisonTests.test_fails_closed_on_incomplete_pixel_evidence) ... ok
test_flags_a_flat_region_redrawn_in_continuous_tone (test_fidelity.PaletteComparisonTests.test_flags_a_flat_region_redrawn_in_continuous_tone) ... ok
test_rejects_a_tolerance_that_would_fail_an_identical_palette (test_fidelity.PaletteComparisonTests.test_rejects_a_tolerance_that_would_fail_an_identical_palette) ... ok
test_tolerance_is_configurable (test_fidelity.PaletteComparisonTests.test_tolerance_is_configurable) ... ok
test_fails_closed_when_explicit_dimensions_are_not_exact_integers (test_fidelity.VerifyAgainstBaselineTests.test_fails_closed_when_explicit_dimensions_are_not_exact_integers) ... ok
test_fails_closed_when_explicit_pixel_evidence_is_incomplete (test_fidelity.VerifyAgainstBaselineTests.test_fails_closed_when_explicit_pixel_evidence_is_incomplete) ... ok
test_fails_closed_when_images_do_not_match_the_contract_canvas (test_fidelity.VerifyAgainstBaselineTests.test_fails_closed_when_images_do_not_match_the_contract_canvas) ... ok
test_fails_closed_when_the_images_disagree_on_size (test_fidelity.VerifyAgainstBaselineTests.test_fails_closed_when_the_images_disagree_on_size) ... ok
test_passes_an_untouched_candidate_with_no_region_changes (test_fidelity.VerifyAgainstBaselineTests.test_passes_an_untouched_candidate_with_no_region_changes) ... ok
test_passes_when_only_licensed_regions_changed (test_fidelity.VerifyAgainstBaselineTests.test_passes_when_only_licensed_regions_changed) ... ok
test_reports_every_pixel_changed_outside_every_region (test_fidelity.VerifyAgainstBaselineTests.test_reports_every_pixel_changed_outside_every_region) ... ok
test_result_cannot_claim_a_pass_with_invariant_violations (test_fidelity.VerifyAgainstBaselineTests.test_result_cannot_claim_a_pass_with_invariant_violations) ... ok
test_result_rejects_malformed_invariant_violation_evidence (test_fidelity.VerifyAgainstBaselineTests.test_result_rejects_malformed_invariant_violation_evidence) ... ok
test_native_outputs_match_their_provenance_hashes (test_issue32_partner_side_by_side.Issue32PartnerSideBySideEvidenceTests.test_native_outputs_match_their_provenance_hashes) ... ok
test_node_paths_persist_identical_sanitized_provider_requests (test_issue32_partner_side_by_side.Issue32PartnerSideBySideEvidenceTests.test_node_paths_persist_identical_sanitized_provider_requests) ... ok
test_offline_actual_node_replay_matches_the_paid_requests_and_outputs (test_issue32_partner_side_by_side.Issue32PartnerSideBySideEvidenceTests.test_offline_actual_node_replay_matches_the_paid_requests_and_outputs) ... ok
test_paid_matrix_is_complete_and_bounded (test_issue32_partner_side_by_side.Issue32PartnerSideBySideEvidenceTests.test_paid_matrix_is_complete_and_bounded) ... ok
test_ambiguous_attempt_blocks_every_later_arm_before_network (test_issue52_canvas_match.Issue52CanvasMatchTest.test_ambiguous_attempt_blocks_every_later_arm_before_network) ... ok
test_arms_change_only_geometry (test_issue52_canvas_match.Issue52CanvasMatchTest.test_arms_change_only_geometry) ... ok
test_cost_estimate_matches_preregistered_arms (test_issue52_canvas_match.Issue52CanvasMatchTest.test_cost_estimate_matches_preregistered_arms) ... ok
test_exclusive_json_creation_is_a_no_overwrite_sentinel (test_issue52_canvas_match.Issue52CanvasMatchTest.test_exclusive_json_creation_is_a_no_overwrite_sentinel) ... ok
test_http_5xx_is_ambiguous_and_keeps_global_lock (test_issue52_canvas_match.Issue52CanvasMatchTest.test_http_5xx_is_ambiguous_and_keeps_global_lock) ... ok
test_source_hash_is_revalidated_before_use (test_issue52_canvas_match.Issue52CanvasMatchTest.test_source_hash_is_revalidated_before_use) ... ok
test_submission_lock_is_exclusive (test_issue52_canvas_match.Issue52CanvasMatchTest.test_submission_lock_is_exclusive) ... ok
test_submit_refuses_existing_attempt_before_reading_secret (test_issue52_canvas_match.Issue52CanvasMatchTest.test_submit_refuses_existing_attempt_before_reading_secret) ... ok
test_ambiguous_attempt_blocks_later_seed_before_network (test_issue72_aspect_text.Issue72AspectTextTest.test_ambiguous_attempt_blocks_later_seed_before_network) ... ok
test_aspect_arms_change_only_aspect_ratio_for_each_seed (test_issue72_aspect_text.Issue72AspectTextTest.test_aspect_arms_change_only_aspect_ratio_for_each_seed) ... ok
test_bounded_review_records_null_incidence (test_issue72_aspect_text.Issue72AspectTextTest.test_bounded_review_records_null_incidence) ... ok
test_completed_new_outputs_have_native_provenance_and_cost (test_issue72_aspect_text.Issue72AspectTextTest.test_completed_new_outputs_have_native_provenance_and_cost) ... ok
test_completed_persistence_releases_global_lock (test_issue72_aspect_text.Issue72AspectTextTest.test_completed_persistence_releases_global_lock) ... ok
test_exclusive_attempt_creation_cannot_overwrite (test_issue72_aspect_text.Issue72AspectTextTest.test_exclusive_attempt_creation_cannot_overwrite) ... ok
test_figjam_delivery_is_one_native_image_node_per_source (test_issue72_aspect_text.Issue72AspectTextTest.test_figjam_delivery_is_one_native_image_node_per_source) ... ok
test_incremental_estimate_is_four_new_outputs (test_issue72_aspect_text.Issue72AspectTextTest.test_incremental_estimate_is_four_new_outputs) ... ok
test_persistence_failure_is_ambiguous_and_retains_global_lock (test_issue72_aspect_text.Issue72AspectTextTest.test_persistence_failure_is_ambiguous_and_retains_global_lock) ... ok
test_prepared_packet_is_immutable_and_request_bound (test_issue72_aspect_text.Issue72AspectTextTest.test_prepared_packet_is_immutable_and_request_bound) ... ok
test_preregistered_seeds_are_first_four_completed_issue53_seeds (test_issue72_aspect_text.Issue72AspectTextTest.test_preregistered_seeds_are_first_four_completed_issue53_seeds) ... ok
test_provider_failure_is_ambiguous_and_retains_global_lock (test_issue72_aspect_text.Issue72AspectTextTest.test_provider_failure_is_ambiguous_and_retains_global_lock) ... ok
test_unexpected_output_count_is_ambiguous_and_retains_global_lock (test_issue72_aspect_text.Issue72AspectTextTest.test_unexpected_output_count_is_ambiguous_and_retains_global_lock) ... ok
test_actual_changes_are_inside_predeclared_shape_mask (test_museum_filter_assembly_v003.ShapeAwareMuseumFilterAssemblyTests.test_actual_changes_are_inside_predeclared_shape_mask) ... ok
test_all_changes_stay_inside_declared_glyph_and_tab_boxes (test_museum_filter_assembly_v003.ShapeAwareMuseumFilterAssemblyTests.test_all_changes_stay_inside_declared_glyph_and_tab_boxes) ... ok
test_no_text_or_tab_edit_owns_its_enclosing_rectangle (test_museum_filter_assembly_v003.ShapeAwareMuseumFilterAssemblyTests.test_no_text_or_tab_edit_owns_its_enclosing_rectangle) ... ok
test_v001_header_chrome_and_right_controls_are_immutable (test_museum_filter_assembly_v003.ShapeAwareMuseumFilterAssemblyTests.test_v001_header_chrome_and_right_controls_are_immutable) ... ok
test_actual_changes_are_inside_only_three_declared_regions (test_museum_filter_assembly_v004.ThreeRegionMuseumFilterAssemblyTests.test_actual_changes_are_inside_only_three_declared_regions) ... ok
test_all_unmarked_english_and_controls_are_v001_pixels (test_museum_filter_assembly_v004.ThreeRegionMuseumFilterAssemblyTests.test_all_unmarked_english_and_controls_are_v001_pixels) ... ok
test_bead_and_close_backgrounds_return_to_the_v001_glass (test_museum_filter_assembly_v004.ThreeRegionMuseumFilterAssemblyTests.test_bead_and_close_backgrounds_return_to_the_v001_glass) ... ok
test_material_copy_is_preserved_inside_a_stepped_tab (test_museum_filter_assembly_v004.ThreeRegionMuseumFilterAssemblyTests.test_material_copy_is_preserved_inside_a_stepped_tab) ... ok
test_beads_have_padding_on_all_four_sides (test_museum_filter_assembly_v005.ThreeRegionMuseumFilterAssemblyV005Tests.test_beads_have_padding_on_all_four_sides) ... ok
test_declared_mask_is_exactly_the_real_three_region_difference (test_museum_filter_assembly_v005.ThreeRegionMuseumFilterAssemblyV005Tests.test_declared_mask_is_exactly_the_real_three_region_difference) ... ok
test_material_copy_is_preserved_with_space_before_the_edge (test_museum_filter_assembly_v005.ThreeRegionMuseumFilterAssemblyV005Tests.test_material_copy_is_preserved_with_space_before_the_edge) ... ok
test_tab_stairs_are_reversed_and_tab_is_wider (test_museum_filter_assembly_v005.ThreeRegionMuseumFilterAssemblyV005Tests.test_tab_stairs_are_reversed_and_tab_is_wider) ... ok
test_unmarked_text_and_controls_are_v001_pixels (test_museum_filter_assembly_v005.ThreeRegionMuseumFilterAssemblyV005Tests.test_unmarked_text_and_controls_are_v001_pixels) ... ok
test_forwards_an_explicit_positive_finite_timeout (test_openrouter_client.OpenRouterImageClientTests.test_forwards_an_explicit_positive_finite_timeout) ... ok
test_legacy_builder_keeps_ignoring_partner_only_fields (test_openrouter_client.OpenRouterImageClientTests.test_legacy_builder_keeps_ignoring_partner_only_fields) ... ok
test_posts_an_authenticated_image_request_and_returns_response (test_openrouter_client.OpenRouterImageClientTests.test_posts_an_authenticated_image_request_and_returns_response) ... ok
test_records_alibaba_prompt_and_external_provenance (test_openrouter_client.OpenRouterImageClientTests.test_records_alibaba_prompt_and_external_provenance) ... ok
test_redacts_nested_alibaba_reference_data_from_run_metadata (test_openrouter_client.OpenRouterImageClientTests.test_redacts_nested_alibaba_reference_data_from_run_metadata) ... ok
test_rejects_invalid_timeouts_before_network_access (test_openrouter_client.OpenRouterImageClientTests.test_rejects_invalid_timeouts_before_network_access) ... ok
test_surfaces_a_provider_error_message_without_exposing_the_key (test_openrouter_client.OpenRouterImageClientTests.test_surfaces_a_provider_error_message_without_exposing_the_key) ... ok
test_writes_reproducible_artifacts_without_copying_base64_into_metadata (test_openrouter_client.OpenRouterImageClientTests.test_writes_reproducible_artifacts_without_copying_base64_into_metadata) ... ok
test_a_longer_timeout_is_honoured (test_openrouter_client.ResolveTimeoutSeconds.test_a_longer_timeout_is_honoured) ... ok
test_nothing_can_disable_the_timeout (test_openrouter_client.ResolveTimeoutSeconds.test_nothing_can_disable_the_timeout) ... ok
test_the_node_and_the_cli_share_one_definition (test_openrouter_client.ResolveTimeoutSeconds.test_the_node_and_the_cli_share_one_definition) ... ok
test_unset_keeps_the_default (test_openrouter_client.ResolveTimeoutSeconds.test_unset_keeps_the_default) ... ok
test_attempt_creation_and_updates_sync_files_and_directories (test_paid_attempts.PaidAttemptLedgerTests.test_attempt_creation_and_updates_sync_files_and_directories) ... ok
test_attempt_sentinel_blocks_resubmission_even_before_a_response (test_paid_attempts.PaidAttemptLedgerTests.test_attempt_sentinel_blocks_resubmission_even_before_a_response) ... ok
test_attempt_updates_preserve_identity_and_request_hash (test_paid_attempts.PaidAttemptLedgerTests.test_attempt_updates_preserve_identity_and_request_hash) ... ok
test_reviewed_plan_blocks_prepare_but_remains_executable_once (test_paid_attempts.PaidAttemptLedgerTests.test_reviewed_plan_blocks_prepare_but_remains_executable_once) ... ok
test_builds_an_alibaba_edit_brief_with_explicit_partner_controls (test_partner_controls.PartnerControlsTests.test_builds_an_alibaba_edit_brief_with_explicit_partner_controls) ... ok
test_maps_supported_openrouter_dimensions_to_resolution_and_aspect (test_partner_controls.PartnerControlsTests.test_maps_supported_openrouter_dimensions_to_resolution_and_aspect) ... ok
test_openrouter_rejects_unsupported_paid_controls_before_submission (test_partner_controls.PartnerControlsTests.test_openrouter_rejects_unsupported_paid_controls_before_submission) ... ok
test_rejects_a_reference_that_is_not_visibly_connected (test_partner_controls.PartnerControlsTests.test_rejects_a_reference_that_is_not_visibly_connected) ... ok
test_rejects_count_and_seed_outside_the_partner_contract (test_partner_controls.PartnerControlsTests.test_rejects_count_and_seed_outside_the_partner_contract) ... ok
test_rejects_more_than_three_portable_edit_references (test_partner_controls.PartnerControlsTests.test_rejects_more_than_three_portable_edit_references) ... ok
test_rejects_openrouter_dimensions_that_cannot_be_represented_exactly (test_partner_controls.PartnerControlsTests.test_rejects_openrouter_dimensions_that_cannot_be_represented_exactly) ... ok
test_resolves_ordered_image_references_without_rewriting_email_addresses (test_partner_controls.PartnerControlsTests.test_resolves_ordered_image_references_without_rewriting_email_addresses) ... ok
test_same_three_reference_controls_build_both_provider_requests (test_partner_controls.PartnerControlsTests.test_same_three_reference_controls_build_both_provider_requests) ... ok
test_complete_hash_locked_log_passes (test_play_log_verdict.PlayLogVerdictTests.test_complete_hash_locked_log_passes) ... ok
test_console_error_fails (test_play_log_verdict.PlayLogVerdictTests.test_console_error_fails) ... ok
test_current_window_drag_rejects_scalar_and_stationary_motion (test_play_log_verdict.PlayLogVerdictTests.test_current_window_drag_rejects_scalar_and_stationary_motion) ... ok
test_drag_requires_mid_frame_and_thirty_motion_samples (test_play_log_verdict.PlayLogVerdictTests.test_drag_requires_mid_frame_and_thirty_motion_samples) ... ok
test_false_action_claim_fails (test_play_log_verdict.PlayLogVerdictTests.test_false_action_claim_fails) ... ok
test_issue_128_complete_adr_0004_evidence_passes (test_play_log_verdict.PlayLogVerdictTests.test_issue_128_complete_adr_0004_evidence_passes) ... ok
test_issue_128_rejects_forged_or_out_of_bounds_regions (test_play_log_verdict.PlayLogVerdictTests.test_issue_128_rejects_forged_or_out_of_bounds_regions) ... ok
test_issue_128_rejects_forged_pixel_metrics (test_play_log_verdict.PlayLogVerdictTests.test_issue_128_rejects_forged_pixel_metrics) ... ok
test_issue_128_requires_all_adr_0004_interaction_facts (test_play_log_verdict.PlayLogVerdictTests.test_issue_128_requires_all_adr_0004_interaction_facts) ... ok
test_large_finite_motion_uses_overflow_safe_distance (test_play_log_verdict.PlayLogVerdictTests.test_large_finite_motion_uses_overflow_safe_distance) ... ok
test_legacy_window_drag_accepts_only_moving_scalar_motion (test_play_log_verdict.PlayLogVerdictTests.test_legacy_window_drag_accepts_only_moving_scalar_motion) ... ok
test_malformed_root_is_invalid_without_throwing (test_play_log_verdict.PlayLogVerdictTests.test_malformed_root_is_invalid_without_throwing) ... ok
test_missing_or_changed_frame_is_invalid (test_play_log_verdict.PlayLogVerdictTests.test_missing_or_changed_frame_is_invalid) ... ok
test_motion_samples_must_be_finite (test_play_log_verdict.PlayLogVerdictTests.test_motion_samples_must_be_finite) ... ok
test_oversized_integer_motion_sample_is_invalid_not_an_exception (test_play_log_verdict.PlayLogVerdictTests.test_oversized_integer_motion_sample_is_invalid_not_an_exception) ... ok
test_pointer_motion_rejects_scalars_and_stationary_points (test_play_log_verdict.PlayLogVerdictTests.test_pointer_motion_rejects_scalars_and_stationary_points) ... ok
test_read_only_meter_requires_no_synthetic_action (test_play_log_verdict.PlayLogVerdictTests.test_read_only_meter_requires_no_synthetic_action) ... ok
test_required_actions_cannot_omit_a_manifest_binding (test_play_log_verdict.PlayLogVerdictTests.test_required_actions_cannot_omit_a_manifest_binding) ... ok
test_required_actions_cannot_omit_a_window_binding (test_play_log_verdict.PlayLogVerdictTests.test_required_actions_cannot_omit_a_window_binding) ... ok
test_resize_and_drag_drop_require_motion_evidence (test_play_log_verdict.PlayLogVerdictTests.test_resize_and_drag_drop_require_motion_evidence) ... ok
test_strict_expected_rejection_fails_if_commit_frame_changes (test_play_log_verdict.PlayLogVerdictTests.test_strict_expected_rejection_fails_if_commit_frame_changes) ... ok
test_strict_expected_rejection_requires_and_accepts_unchanged_commit_frame (test_play_log_verdict.PlayLogVerdictTests.test_strict_expected_rejection_requires_and_accepts_unchanged_commit_frame) ... ok
test_strict_expected_rejection_requires_transient_mid_frame_feedback (test_play_log_verdict.PlayLogVerdictTests.test_strict_expected_rejection_requires_transient_mid_frame_feedback) ... ok
test_trusted_issue_cannot_be_downgraded_by_candidate (test_play_log_verdict.PlayLogVerdictTests.test_trusted_issue_cannot_be_downgraded_by_candidate) ... ok
test_trusted_review_issue_prevents_scalar_policy_downgrade (test_play_log_verdict.PlayLogVerdictTests.test_trusted_review_issue_prevents_scalar_policy_downgrade) ... ok
test_unexercised_control_is_incomplete (test_play_log_verdict.PlayLogVerdictTests.test_unexercised_control_is_incomplete) ... ok
test_unexercised_manifest_action_is_incomplete (test_play_log_verdict.PlayLogVerdictTests.test_unexercised_manifest_action_is_incomplete) ... ok
test_v1_log_remains_compatible_without_window_bindings (test_play_log_verdict.PlayLogVerdictTests.test_v1_log_remains_compatible_without_window_bindings) ... ok
test_window_drag_accepts_two_dimensional_motion_samples (test_play_log_verdict.PlayLogVerdictTests.test_window_drag_accepts_two_dimensional_motion_samples) ... ok
test_folder_hash_detects_a_vendored_skill_mutation (test_project_skills.ProjectSkillsAuditTests.test_folder_hash_detects_a_vendored_skill_mutation) ... ok
test_project_skill_installation_matches_recorded_inventory (test_project_skills.ProjectSkillsAuditTests.test_project_skill_installation_matches_recorded_inventory) ... ok
test_builds_qwen_image_3_pro_edit_request (test_prompt_manifest.CompileEditBriefTests.test_builds_qwen_image_3_pro_edit_request) ... ok
test_compiles_ordered_sections_and_preserves_exact_copy (test_prompt_manifest.CompileEditBriefTests.test_compiles_ordered_sections_and_preserves_exact_copy) ... ok
test_compiles_spatial_style_and_negative_constraints (test_prompt_manifest.CompileEditBriefTests.test_compiles_spatial_style_and_negative_constraints) ... ok
test_rejects_an_edit_brief_over_the_instruction_budget (test_prompt_manifest.CompileEditBriefTests.test_rejects_an_edit_brief_over_the_instruction_budget) ... ok
test_rejects_more_references_than_qwen_image_3_accepts (test_prompt_manifest.CompileEditBriefTests.test_rejects_more_references_than_qwen_image_3_accepts) ... ok
test_auto_falls_back_only_for_openrouter_privacy_guardrail_block (test_provider_fallback.ProviderFallbackTests.test_auto_falls_back_only_for_openrouter_privacy_guardrail_block) ... ok
test_explicit_openrouter_never_falls_back_after_a_provider_error (test_provider_fallback.ProviderFallbackTests.test_explicit_openrouter_never_falls_back_after_a_provider_error) ... ok
test_accepts_only_the_local_routed_origin_for_schema_checks (test_remote_review.RemoteReviewAuditTests.test_accepts_only_the_local_routed_origin_for_schema_checks) ... ok
test_accepts_router_and_workers_bound_only_to_a_loopback_alias (test_remote_review.RemoteReviewAuditTests.test_accepts_router_and_workers_bound_only_to_a_loopback_alias) ... ok
test_rejects_a_missing_routed_endpoint (test_remote_review.RemoteReviewAuditTests.test_rejects_a_missing_routed_endpoint) ... ok
test_rejects_a_worker_bound_to_every_interface (test_remote_review.RemoteReviewAuditTests.test_rejects_a_worker_bound_to_every_interface) ... ok
test_rejects_remote_hosts_and_worker_ports_for_schema_checks (test_remote_review.RemoteReviewAuditTests.test_rejects_remote_hosts_and_worker_ports_for_schema_checks) ... ok
test_absolute_path_rejected (test_run_manifest.RunManifestValidatorTests.test_absolute_path_rejected) ... ok
test_approval_without_hash (test_run_manifest.RunManifestValidatorTests.test_approval_without_hash) ... ok
test_approval_without_matching_output_hash (test_run_manifest.RunManifestValidatorTests.test_approval_without_matching_output_hash) ... ok
test_assembly_may_not_carry_provider (test_run_manifest.RunManifestValidatorTests.test_assembly_may_not_carry_provider) ... ok
test_completed_cannot_exceed_requested (test_run_manifest.RunManifestValidatorTests.test_completed_cannot_exceed_requested) ... ok
test_completed_count_mismatch (test_run_manifest.RunManifestValidatorTests.test_completed_count_mismatch) ... ok
test_contradictory_complete_status (test_run_manifest.RunManifestValidatorTests.test_contradictory_complete_status) ... ok
test_credential_like_key_rejected (test_run_manifest.RunManifestValidatorTests.test_credential_like_key_rejected) ... ok
test_credential_like_value_rejected (test_run_manifest.RunManifestValidatorTests.test_credential_like_value_rejected) ... ok
test_incomplete_run_may_have_zero_outputs (test_run_manifest.RunManifestValidatorTests.test_incomplete_run_may_have_zero_outputs) ... ok
test_malformed_sha (test_run_manifest.RunManifestValidatorTests.test_malformed_sha) ... ok
test_missing_source_hash (test_run_manifest.RunManifestValidatorTests.test_missing_source_hash) ... ok
test_render_may_not_claim_fidelity (test_run_manifest.RunManifestValidatorTests.test_render_may_not_claim_fidelity) ... ok
test_requested_over_adr_cap (test_run_manifest.RunManifestValidatorTests.test_requested_over_adr_cap) ... ok
test_undeclared_field_rejected (test_run_manifest.RunManifestValidatorTests.test_undeclared_field_rejected) ... ok
test_unknown_version_rejected (test_run_manifest.RunManifestValidatorTests.test_unknown_version_rejected) ... ok
test_valid_assembly_passes (test_run_manifest.RunManifestValidatorTests.test_valid_assembly_passes) ... ok
test_valid_render_passes (test_run_manifest.RunManifestValidatorTests.test_valid_render_passes) ... ok
test_a_real_invariant_violation_stops_the_run_before_any_spend (test_verifier.EndToEndGateTests.test_a_real_invariant_violation_stops_the_run_before_any_spend) ... ok
test_a_failed_reviewer_call_fails_closed (test_verifier.FindingRoutingTests.test_a_failed_reviewer_call_fails_closed) ... ok
test_describes_the_verdict_for_a_reviewer (test_verifier.FindingRoutingTests.test_describes_the_verdict_for_a_reviewer) ... ok
test_routes_an_unknown_defect_class_to_triage (test_verifier.FindingRoutingTests.test_routes_an_unknown_defect_class_to_triage) ... ok
test_routes_each_finding_to_its_owning_stage (test_verifier.FindingRoutingTests.test_routes_each_finding_to_its_owning_stage) ... ok
test_raises_when_the_contract_licenses_no_region (test_verifier.GateOrderingTests.test_raises_when_the_contract_licenses_no_region) ... ok
test_refuses_to_consult_the_vision_layer_when_the_gate_failed (test_verifier.GateOrderingTests.test_refuses_to_consult_the_vision_layer_when_the_gate_failed) ... ok
test_verifies_only_when_both_layers_pass (test_verifier.GateOrderingTests.test_verifies_only_when_both_layers_pass) ... ok
test_a_region_without_a_declared_intent_carries_none (test_verifier.IntentTests.test_a_region_without_a_declared_intent_carries_none) ... ok
test_run_verification_threads_intent_through_to_the_client (test_verifier.IntentTests.test_run_verification_threads_intent_through_to_the_client) ... ok
test_supplies_the_licensed_change_to_the_reviewer (test_verifier.IntentTests.test_supplies_the_licensed_change_to_the_reviewer) ... ok
test_builds_one_review_per_region_with_applicable_questions (test_verifier.ReviewConstructionTests.test_builds_one_review_per_region_with_applicable_questions) ... ok
test_selects_only_universal_prompts_for_an_unrelated_target (test_verifier.ReviewConstructionTests.test_selects_only_universal_prompts_for_an_unrelated_target) ... ok
test_accepts_a_json_encoded_response (test_verifier.VerdictParsingTests.test_accepts_a_json_encoded_response) ... ok
test_discards_an_out_of_range_confidence (test_verifier.VerdictParsingTests.test_discards_an_out_of_range_confidence) ... ok
test_parses_a_localised_defect (test_verifier.VerdictParsingTests.test_parses_a_localised_defect) ... ok
test_rejects_a_defect_the_reviewer_cannot_localise (test_verifier.VerdictParsingTests.test_rejects_a_defect_the_reviewer_cannot_localise) ... ok
test_treats_an_unrecognised_verdict_as_unreadable (test_verifier.VerdictParsingTests.test_treats_an_unrecognised_verdict_as_unreadable) ... ok
test_treats_unparsable_prose_as_unreadable (test_verifier.VerdictParsingTests.test_treats_unparsable_prose_as_unreadable) ... ok
test_leaves_a_bare_verdict_alone (test_vision_client.FenceStrippingTests.test_leaves_a_bare_verdict_alone) ... ok
test_unwraps_a_fenced_verdict (test_vision_client.FenceStrippingTests.test_unwraps_a_fenced_verdict) ... ok
test_leaves_a_crop_untouched_at_unit_scale (test_vision_client.MagnificationTests.test_leaves_a_crop_untouched_at_unit_scale) ... ok
test_magnifies_a_crop_with_nearest_neighbour (test_vision_client.MagnificationTests.test_magnifies_a_crop_with_nearest_neighbour) ... ok
test_includes_the_licensed_intent_in_the_request (test_vision_client.PromptTests.test_includes_the_licensed_intent_in_the_request) ... ok
test_defaults_to_a_non_builder_reviewer (test_vision_client.ReviewerIndependenceTests.test_defaults_to_a_non_builder_reviewer) ... ok
test_refuses_to_review_with_the_builder_family (test_vision_client.ReviewerIndependenceTests.test_refuses_to_review_with_the_builder_family) ... ok
test_requires_a_key (test_vision_client.ReviewerIndependenceTests.test_requires_a_key) ... ok
test_corpus_is_present (test_visual_failure_annotations.VisualFailureAnnotationTests.test_corpus_is_present) ... ok
test_records_are_valid_and_hashes_match (test_visual_failure_annotations.VisualFailureAnnotationTests.test_records_are_valid_and_hashes_match) ... ok
test_rejections_cite_defects_and_acceptances_may_not_hard_fail (test_visual_failure_annotations.VisualFailureAnnotationTests.test_rejections_cite_defects_and_acceptances_may_not_hard_fail) ... ok
test_taxonomy_defines_classes (test_visual_failure_annotations.VisualFailureAnnotationTests.test_taxonomy_defines_classes) ... ok
test_aspect_drift_fails (test_visual_gate.VisualGateTests.test_aspect_drift_fails) ... ok
test_identical_images_pass (test_visual_gate.VisualGateTests.test_identical_images_pass) ... ok
test_inside_region_change_passes_outside_check (test_visual_gate.VisualGateTests.test_inside_region_change_passes_outside_check) ... ok
test_opaque_rectangle_leak_fails (test_visual_gate.VisualGateTests.test_opaque_rectangle_leak_fails) ... ok
test_outside_region_change_fails (test_visual_gate.VisualGateTests.test_outside_region_change_fails) ... ok
test_transparent_candidate_passes_leak_check (test_visual_gate.VisualGateTests.test_transparent_candidate_passes_leak_check) ... ok
test_cli_emits_machine_readable_plan_and_sensitivity_matrix (test_worker_capacity.WorkerCapacityTests.test_cli_emits_machine_readable_plan_and_sensitivity_matrix) ... ok
test_cli_rejects_non_finite_capacity_evidence (test_worker_capacity.WorkerCapacityTests.test_cli_rejects_non_finite_capacity_evidence) ... ok
test_cli_reports_missing_measurement_as_machine_readable_error (test_worker_capacity.WorkerCapacityTests.test_cli_reports_missing_measurement_as_machine_readable_error) ... ok
test_cli_reports_unsafe_input_as_machine_readable_error (test_worker_capacity.WorkerCapacityTests.test_cli_reports_unsafe_input_as_machine_readable_error) ... ok
test_contradictory_memory_snapshot_fails_closed (test_worker_capacity.WorkerCapacityTests.test_contradictory_memory_snapshot_fails_closed) ... ok
test_maximum_simultaneous_jobs_is_capacity_not_current_demand (test_worker_capacity.WorkerCapacityTests.test_maximum_simultaneous_jobs_is_capacity_not_current_demand) ... ok
test_memory_ceiling_and_host_reserve_clamp_requested_workers (test_worker_capacity.WorkerCapacityTests.test_memory_ceiling_and_host_reserve_clamp_requested_workers) ... ok
test_negative_job_count_fails_closed (test_worker_capacity.WorkerCapacityTests.test_negative_job_count_fails_closed) ... ok
test_provider_concurrency_is_separate_from_local_worker_capacity (test_worker_capacity.WorkerCapacityTests.test_provider_concurrency_is_separate_from_local_worker_capacity) ... ok
test_queue_limit_rejects_burst_over_bounded_capacity (test_worker_capacity.WorkerCapacityTests.test_queue_limit_rejects_burst_over_bounded_capacity) ... ok
test_sensitivity_matrix_exposes_worker_and_burst_assumptions (test_worker_capacity.WorkerCapacityTests.test_sensitivity_matrix_exposes_worker_and_burst_assumptions) ... ok
test_service_memory_above_host_used_memory_fails_closed (test_worker_capacity.WorkerCapacityTests.test_service_memory_above_host_used_memory_fails_closed) ... ok
test_stale_memory_measurement_fails_closed (test_worker_capacity.WorkerCapacityTests.test_stale_memory_measurement_fails_closed) ... ok
test_twelve_job_burst_queues_work_above_the_safe_worker_cap (test_worker_capacity.WorkerCapacityTests.test_twelve_job_burst_queues_work_above_the_safe_worker_cap) ... ok
test_unvalidated_active_peak_blocks_worker_increase (test_worker_capacity.WorkerCapacityTests.test_unvalidated_active_peak_blocks_worker_increase) ... ok
test_zero_worker_reserve_fails_closed (test_worker_capacity.WorkerCapacityTests.test_zero_worker_reserve_fails_closed) ... ok
test_zero_worker_safety_factor_fails_closed (test_worker_capacity.WorkerCapacityTests.test_zero_worker_safety_factor_fails_closed) ... ok

----------------------------------------------------------------------
Ran 251 tests in 3.026s

OK
/tmp/tmp_mxebvzp/workflow.json
{
  "output_directory": "/tmp/tmpv1tk2wm6/run",
  "outputs": [
    {
      "file": "image-01.png",
      "media_type": "image/png",
      "bytes": 6,
      "sha256": "f6a214f7a5fcda0c2cee9660b7fc29f5649e3c68aad48e20e950137c98913a68"
    }
  ],
  "usage": {},
  "provenance": {
    "provider": "alibaba",
    "prompt_id": "prompt-123",
    "source_url": "https://example.com/reference.png",
    "figma_file_key": "figma-key",
    "reference_sha256": "52367a6622b19f08825e915fad80c542ad4f4c34dbcebad9f5007994b3e39208"
  }
}
completed seed 11 at 4:3; cost $0.043000
prepared Issue #72: four inherited outputs, four new requests maximum
prepared Issue #72: four inherited outputs, four new requests maximum
